<?xml version="1.0" encoding="UTF-8"?>
<TestRun id="591fb014-e9d8-49d1-82e0-a8654545d205" name="Alex J Davison@ALEXDESKTOP 2011-12-24 13:00:27" runUser="ALEXDESKTOP\Alex J Davison" xmlns="http://microsoft.com/schemas/VisualStudio/TeamTest/2010">
  <TestSettings name="Local" id="c7592a4f-fdd2-4ae8-8062-0e5d79a4014d">
    <Description>These are default test settings for a local test run.</Description>
    <Deployment enabled="false" runDeploymentRoot="Alex J Davison_ALEXDESKTOP 2011-12-24 13_00_27">
      <DeploymentItem filename="C:\Users\Alex J Davison\Dropbox\Uni\Year 4\Semster 1\Advanced Windows Game Programming\AWGP\AWGP\AWGP\bin\x86\Debug\AWGP.dll" />
    </Deployment>
    <Execution>
      <TestTypeSpecific />
      <AgentRule name="Execution Agents">
      </AgentRule>
    </Execution>
  </TestSettings>
  <Times creation="2011-12-24T13:00:27.9997409+00:00" queuing="2011-12-24T13:00:30.1057446+00:00" start="2011-12-24T13:00:30.1993448+00:00" finish="2011-12-24T13:00:33.2725502+00:00" />
  <ResultSummary outcome="Failed">
    <Counters total="1" executed="1" error="0" failed="1" timeout="0" aborted="0" inconclusive="0" passedButRunAborted="0" notRunnable="0" notExecuted="0" disconnected="0" warning="0" passed="0" completed="0" inProgress="0" pending="0" />
  </ResultSummary>
  <TestDefinitions>
    <UnitTest name="TestMethod1" storage="c:\users\alex j davison\dropbox\uni\year 4\semster 1\advanced windows game programming\awgp\awgptesting\bin\debug\awgptesting.dll" id="70d02827-50d1-eb78-942f-4d1ae52740a6">
      <Execution id="c7cdfddb-be4d-4682-8f92-93553b74fcf8" />
      <TestMethod codeBase="C:/Users/Alex J Davison/Dropbox/Uni/Year 4/Semster 1/Advanced Windows Game Programming/AWGP/AWGPTesting/bin/Debug/AWGPTesting.DLL" adapterTypeName="Microsoft.VisualStudio.TestTools.TestTypes.Unit.UnitTestAdapter, Microsoft.VisualStudio.QualityTools.Tips.UnitTest.Adapter, Version=10.0.0.0, Culture=neutral, PublicKeyToken=b03f5f7f11d50a3a" className="AWGPTesting.Input, AWGPTesting, Version=1.0.0.0, Culture=neutral, PublicKeyToken=null" name="TestMethod1" />
    </UnitTest>
  </TestDefinitions>
  <TestLists>
    <TestList name="Results Not in a List" id="8c84fa94-04c1-424b-9868-57a2d4851a1d" />
    <TestList name="All Loaded Results" id="19431567-8539-422a-85d7-44ee4e166bda" />
  </TestLists>
  <TestEntries>
    <TestEntry testId="70d02827-50d1-eb78-942f-4d1ae52740a6" executionId="c7cdfddb-be4d-4682-8f92-93553b74fcf8" testListId="8c84fa94-04c1-424b-9868-57a2d4851a1d" />
  </TestEntries>
  <Results>
    <UnitTestResult executionId="c7cdfddb-be4d-4682-8f92-93553b74fcf8" testId="70d02827-50d1-eb78-942f-4d1ae52740a6" testName="TestMethod1" computerName="ALEXDESKTOP" duration="00:00:00.2288424" startTime="2011-12-24T13:00:30.3085450+00:00" endTime="2011-12-24T13:00:33.1321499+00:00" testType="13cdc9d9-ddb5-4fa4-a97d-d965ccfc6d4b" outcome="Failed" testListId="8c84fa94-04c1-424b-9868-57a2d4851a1d" relativeResultsDirectory="c7cdfddb-be4d-4682-8f92-93553b74fcf8">
      <Output>
        <Exception>Exception has been thrown by the target of an invocation.</Exception>
        <ErrorInfo>
          <Message>Unable to create instance of class AWGPTesting.Input. Error: System.Exception: File not found in content folder of game.
System.IO.DirectoryNotFoundException: Could not find a part of the path 'C:\Users\Alex J Davison\Dropbox\Uni\Year 4\Semster 1\Advanced Windows Game Programming\AWGP\TestResults\Alex J Davison_ALEXDESKTOP 2011-12-24 13_00_27\Out\Content\InputTest.xml'.
   at System.IO.__Error.WinIOError(Int32 errorCode, String maybeFullPath)
   at System.IO.FileStream.Init(String path, FileMode mode, FileAccess access, Int32 rights, Boolean useRights, FileShare share, Int32 bufferSize, FileOptions options, SECURITY_ATTRIBUTES secAttrs, String msgPath, Boolean bFromProxy, Boolean useLongPath)
   at System.IO.FileStream..ctor(String path, FileMode mode, FileAccess access, FileShare share, Int32 bufferSize)
   at System.Xml.XmlDownloadManager.GetStream(Uri uri, ICredentials credentials, IWebProxy proxy, RequestCachePolicy cachePolicy)
   at System.Xml.XmlUrlResolver.GetEntity(Uri absoluteUri, String role, Type ofObjectToReturn)
   at System.Xml.XmlTextReaderImpl.OpenUrlDelegate(Object xmlResolver)
   at System.Threading.CompressedStack.runTryCode(Object userData)
   at System.Runtime.CompilerServices.RuntimeHelpers.ExecuteCodeWithGuaranteedCleanup(TryCode code, CleanupCode backoutCode, Object userData)
   at System.Threading.CompressedStack.Run(CompressedStack compressedStack, ContextCallback callback, Object state)
   at System.Xml.XmlTextReaderImpl.OpenUrl()
   at System.Xml.XmlTextReaderImpl.Read()
   at System.Xml.XmlLoader.Load(XmlDocument doc, XmlReader reader, Boolean preserveWhitespace)
   at System.Xml.XmlDocument.Load(XmlReader reader)
   at System.Xml.XmlDocument.Load(String filename)
   at AWGP.InputManager.ReadXML(String filename) in C:\Users\Alex J Davison\Dropbox\Uni\Year 4\Semster 1\Advanced Windows Game Programming\AWGP\AWGP\AWGP\Input\InputManager.cs:line 167.</Message>
          <StackTrace>    at AWGP.InputManager.ReadXML(String filename) in C:\Users\Alex J Davison\Dropbox\Uni\Year 4\Semster 1\Advanced Windows Game Programming\AWGP\AWGP\AWGP\Input\InputManager.cs:line 172
   at AWGP.InputManager..ctor(String fileName) in C:\Users\Alex J Davison\Dropbox\Uni\Year 4\Semster 1\Advanced Windows Game Programming\AWGP\AWGP\AWGP\Input\InputManager.cs:line 50
   at AWGPTesting.Input..ctor() in C:\Users\Alex J Davison\Dropbox\Uni\Year 4\Semster 1\Advanced Windows Game Programming\AWGP\AWGPTesting\Input.cs:line 30
</StackTrace>
        </ErrorInfo>
      </Output>
    </UnitTestResult>
  </Results>
</TestRun>